sem picks de 0x0 ainda (log vazio)
sem picks de 0x0 ainda (log vazio)
sem picks de 0x0 ainda (log vazio)
sem picks de 0x0 ainda (log vazio)
sem picks de 0x0 ainda (log vazio)
sem picks de 0x0 ainda (log vazio)
sem picks de 0x0 ainda (log vazio)
sem picks de 0x0 ainda (log vazio)
sem picks de 0x0 ainda (log vazio)
sem picks de 0x0 ainda (log vazio)
sem picks de 0x0 ainda (log vazio)
sem picks de 0x0 ainda (log vazio)
sem picks de 0x0 ainda (log vazio)
sem picks de 0x0 ainda (log vazio)
sem picks de 0x0 ainda (log vazio)
sem picks de 0x0 ainda (log vazio)
sem picks de 0x0 ainda (log vazio)
sem picks de 0x0 ainda (log vazio)
sem picks de 0x0 ainda (log vazio)
sem picks de 0x0 ainda (log vazio)
sem picks de 0x0 ainda (log vazio)
sem picks de 0x0 ainda (log vazio)
sem picks de 0x0 ainda (log vazio)
sem picks de 0x0 ainda (log vazio)
sem picks de 0x0 ainda (log vazio)
sem picks de 0x0 ainda (log vazio)
sem picks de 0x0 ainda (log vazio)
sem picks de 0x0 ainda (log vazio)
sem picks de 0x0 ainda (log vazio)
sem picks de 0x0 ainda (log vazio)
sem picks de 0x0 ainda (log vazio)
sem picks de 0x0 ainda (log vazio)
OPEN atualizados: 1 | congelados agora: 1 | total CLOSED: 1
=== CLV ACUMULADO do 0x0 (metrica-mae) ===
  Lay CS_0x0  : N=1 | mediana=+0.00% | %CLV+=0%
  Back Over0.5: N=1 | mediana=+0.00% | %CLV+=0%
  (CLV+ mediano E %%CLV+ > 50%% = o MODELO bate a linha de fechamento = edge real)
0 picks OPEN
0 picks OPEN
0 picks OPEN
0 picks OPEN
0 picks OPEN
0 picks OPEN
0 picks OPEN
0 picks OPEN
0 picks OPEN
0 picks OPEN
0 picks OPEN
0 picks OPEN
0 picks OPEN
0 picks OPEN
0 picks OPEN
0 picks OPEN
0 picks OPEN
0 picks OPEN
0 picks OPEN
0 picks OPEN
0 picks OPEN
0 picks OPEN
0 picks OPEN
0 picks OPEN
0 picks OPEN
0 picks OPEN
0 picks OPEN
0 picks OPEN
0 picks OPEN
0 picks OPEN
0 picks OPEN
0 picks OPEN
0 picks OPEN
0 picks OPEN
0 picks OPEN
0 picks OPEN
0 picks OPEN
0 picks OPEN
0 picks OPEN
0 picks OPEN
0 picks OPEN
0 picks OPEN
0 picks OPEN
0 picks OPEN
0 picks OPEN
0 picks OPEN
0 picks OPEN
0 picks OPEN
0 picks OPEN
0 picks OPEN
0 picks OPEN
0 picks OPEN
0 picks OPEN
0 picks OPEN
0 picks OPEN
0 picks OPEN
0 picks OPEN
0 picks OPEN
OPEN atualizados: 2 | congelados agora: 0 | total CLOSED: 1
=== CLV ACUMULADO do 0x0 (metrica-mae) ===
  Lay CS_0x0  : N=1 | mediana=+0.00% | %CLV+=0%
  Back Over0.5: N=1 | mediana=+0.00% | %CLV+=0%
  (CLV+ mediano E %%CLV+ > 50%% = o MODELO bate a linha de fechamento = edge real)
OPEN atualizados: 2 | congelados agora: 0 | total CLOSED: 1
=== CLV ACUMULADO do 0x0 (metrica-mae) ===
  Lay CS_0x0  : N=1 | mediana=+0.00% | %CLV+=0%
  Back Over0.5: N=1 | mediana=+0.00% | %CLV+=0%
  (CLV+ mediano E %%CLV+ > 50%% = o MODELO bate a linha de fechamento = edge real)
OPEN atualizados: 2 | congelados agora: 0 | total CLOSED: 1
=== CLV ACUMULADO do 0x0 (metrica-mae) ===
  Lay CS_0x0  : N=1 | mediana=+0.00% | %CLV+=0%
  Back Over0.5: N=1 | mediana=+0.00% | %CLV+=0%
  (CLV+ mediano E %%CLV+ > 50%% = o MODELO bate a linha de fechamento = edge real)
OPEN atualizados: 2 | congelados agora: 1 | total CLOSED: 2
=== CLV ACUMULADO do 0x0 (metrica-mae) ===
  Lay CS_0x0  : N=2 | mediana=-1.43% | %CLV+=0%
  Back Over0.5: N=2 | mediana=+0.00% | %CLV+=0%
  (CLV+ mediano E %%CLV+ > 50%% = o MODELO bate a linha de fechamento = edge real)
OPEN atualizados: 1 | congelados agora: 1 | total CLOSED: 3
=== CLV ACUMULADO do 0x0 (metrica-mae) ===
  Lay CS_0x0  : N=3 | mediana=+0.00% | %CLV+=0%
  Back Over0.5: N=3 | mediana=+0.00% | %CLV+=0%
  (CLV+ mediano E %%CLV+ > 50%% = o MODELO bate a linha de fechamento = edge real)
0 picks OPEN
0 picks OPEN
0 picks OPEN
0 picks OPEN
0 picks OPEN
0 picks OPEN
0 picks OPEN
0 picks OPEN
0 picks OPEN
0 picks OPEN
0 picks OPEN
0 picks OPEN
0 picks OPEN
0 picks OPEN
0 picks OPEN
0 picks OPEN
0 picks OPEN
0 picks OPEN
0 picks OPEN
0 picks OPEN
0 picks OPEN
0 picks OPEN
0 picks OPEN
0 picks OPEN
0 picks OPEN
0 picks OPEN
0 picks OPEN
0 picks OPEN
0 picks OPEN
0 picks OPEN
0 picks OPEN
0 picks OPEN
0 picks OPEN
0 picks OPEN
0 picks OPEN
0 picks OPEN
0 picks OPEN
0 picks OPEN
0 picks OPEN
0 picks OPEN
0 picks OPEN
0 picks OPEN
0 picks OPEN
0 picks OPEN
0 picks OPEN
0 picks OPEN
0 picks OPEN
0 picks OPEN
0 picks OPEN
0 picks OPEN
0 picks OPEN
0 picks OPEN
0 picks OPEN
0 picks OPEN
0 picks OPEN
0 picks OPEN
