Carregando base + jogos do dia (2026-09-08)...
  Base rate Lay 0x0 (>=1 gol): 91.7%
treino N=125032 | jogos hoje featurizados=18

======================================================================
PICKS LAY 0x0 XGBoost (regra congelada) — 2026-09-08 — OBSERVACAO/STAKE-ZERO
======================================================================
Nenhum jogo bate a regra congelada hoje.

LANCE NA MAO: mercado Correct Score -> selecao '0 - 0' -> aba Lay (rosa) -> odd 10-20.
STAKE-ZERO ate o forward bater N>=300. Sugestao de stake e informativa.
Carregando base + jogos do dia (2026-09-08)...
  Base rate Lay 0x0 (>=1 gol): 91.7%
treino N=125032 | jogos hoje featurizados=18

======================================================================
PICKS LAY 0x0 XGBoost (regra congelada) — 2026-09-08 — OBSERVACAO/STAKE-ZERO
======================================================================
Nenhum jogo bate a regra congelada hoje.

LANCE NA MAO: mercado Correct Score -> selecao '0 - 0' -> aba Lay (rosa) -> odd 10-20.
STAKE-ZERO ate o forward bater N>=300. Sugestao de stake e informativa.
Carregando base + jogos do dia (2026-09-09)...
  Base rate Lay 0x0 (>=1 gol): 91.7%
treino N=125032 | jogos hoje featurizados=50

======================================================================
PICKS LAY 0x0 XGBoost (regra congelada) — 2026-09-09 — OBSERVACAO/STAKE-ZERO
======================================================================
• Hradec Kralove x Plzen                   [CZECH 1]
   Lay 0-0 @ 16.50 | p=0.944 | EV=+0.029 | liga=0.040 mkt=0.091 | 0.25Kelly=0.76% banca
   https://www.betfair.bet.br/exchange/plus/football/event/36040827

1 pick(s). Salvo em picks_0x0_2026-09-09.csv

LANCE NA MAO: mercado Correct Score -> selecao '0 - 0' -> aba Lay (rosa) -> odd 10-20.
STAKE-ZERO ate o forward bater N>=300. Sugestao de stake e informativa.
Carregando base + jogos do dia (2026-09-10)...
  Base rate Lay 0x0 (>=1 gol): 91.7%
treino N=125032 | jogos hoje featurizados=15

======================================================================
PICKS LAY 0x0 XGBoost (regra congelada) — 2026-09-10 — OBSERVACAO/STAKE-ZERO
======================================================================
Nenhum jogo bate a regra congelada hoje.
  funil: 15 jogos do dia | sem odd de lay: 10 | sem liga/mkt: 0
  reprovados por  liga>=0.08: 4 | mkt>=0.10: 1 | odd fora de 10-20: 0 | ev<=0.02: 0

LANCE NA MAO: mercado Correct Score -> selecao '0 - 0' -> aba Lay (rosa) -> odd 10-20.
STAKE-ZERO ate o forward bater N>=300. Sugestao de stake e informativa.
Carregando base + jogos do dia (2026-09-10)...
  Base rate Lay 0x0 (>=1 gol): 91.7%
treino N=125032 | jogos hoje featurizados=15

======================================================================
PICKS LAY 0x0 XGBoost (regra congelada) — 2026-09-10 — OBSERVACAO/STAKE-ZERO
======================================================================
Nenhum jogo bate a regra congelada hoje.
  funil: 15 jogos do dia | sem odd de lay: 10 | sem liga/mkt: 0
  reprovados por  liga>=0.08: 4 | mkt>=0.10: 1 | odd fora de 10-20: 0 | ev<=0.02: 0

LANCE NA MAO: mercado Correct Score -> selecao '0 - 0' -> aba Lay (rosa) -> odd 10-20.
STAKE-ZERO ate o forward bater N>=300. Sugestao de stake e informativa.
Carregando base + jogos do dia (2026-09-11)...
  Base rate Lay 0x0 (>=1 gol): 91.7%
treino N=125032 | jogos hoje featurizados=69

======================================================================
PICKS LAY 0x0 XGBoost (regra congelada) — 2026-09-11 — OBSERVACAO/STAKE-ZERO
======================================================================
Nenhum jogo bate a regra congelada hoje.
  funil: 69 jogos do dia | sem odd de lay: 47 | sem liga/mkt: 0
  reprovados por  liga>=0.08: 14 | mkt>=0.10: 2 | odd fora de 10-20: 5 | ev<=0.02: 1

LANCE NA MAO: mercado Correct Score -> selecao '0 - 0' -> aba Lay (rosa) -> odd 10-20.
STAKE-ZERO ate o forward bater N>=300. Sugestao de stake e informativa.
Carregando base + jogos do dia (2026-09-11)...
  Base rate Lay 0x0 (>=1 gol): 91.7%
treino N=125032 | jogos hoje featurizados=69

======================================================================
PICKS LAY 0x0 XGBoost (regra congelada) — 2026-09-11 — OBSERVACAO/STAKE-ZERO
======================================================================
Nenhum jogo bate a regra congelada hoje.
  funil: 69 jogos do dia | sem odd de lay: 47 | sem liga/mkt: 0
  reprovados por  liga>=0.08: 14 | mkt>=0.10: 2 | odd fora de 10-20: 5 | ev<=0.02: 1

LANCE NA MAO: mercado Correct Score -> selecao '0 - 0' -> aba Lay (rosa) -> odd 10-20.
STAKE-ZERO ate o forward bater N>=300. Sugestao de stake e informativa.
Carregando base + jogos do dia (2026-09-12)...
  Base rate Lay 0x0 (>=1 gol): 91.7%
treino N=125032 | jogos hoje featurizados=68

======================================================================
PICKS LAY 0x0 XGBoost (regra congelada) — 2026-09-12 — OBSERVACAO/STAKE-ZERO
======================================================================
• Leyton Orient x Wycombe                  [ENGLAND 3]
   Lay 0-0 @ 17.50 | p=0.950 | EV=+0.074 | liga=0.070 mkt=0.083 | 0.25Kelly=1.94% banca
   https://www.betfair.bet.br/exchange/plus/football/event/36035352
• AIK x Vasteras SK                        [SWEDEN 1]
   Lay 0-0 @ 16.50 | p=0.945 | EV=+0.044 | liga=0.050 mkt=0.067 | 0.25Kelly=1.16% banca
   https://www.betfair.bet.br/exchange/plus/football/event/36043030

2 pick(s). Salvo em picks_0x0_2026-09-12.csv

LANCE NA MAO: mercado Correct Score -> selecao '0 - 0' -> aba Lay (rosa) -> odd 10-20.
STAKE-ZERO ate o forward bater N>=300. Sugestao de stake e informativa.
Carregando base + jogos do dia (2026-09-12)...
  Base rate Lay 0x0 (>=1 gol): 91.7%
treino N=125032 | jogos hoje featurizados=68

======================================================================
PICKS LAY 0x0 XGBoost (regra congelada) — 2026-09-12 — OBSERVACAO/STAKE-ZERO
======================================================================
• Leyton Orient x Wycombe                  [ENGLAND 3]
   Lay 0-0 @ 17.00 | p=0.950 | EV=+0.099 | liga=0.070 mkt=0.083 | 0.25Kelly=2.60% banca
   https://www.betfair.bet.br/exchange/plus/football/event/36035352
• AIK x Vasteras SK                        [SWEDEN 1]
   Lay 0-0 @ 16.50 | p=0.945 | EV=+0.044 | liga=0.050 mkt=0.067 | 0.25Kelly=1.16% banca
   https://www.betfair.bet.br/exchange/plus/football/event/36043030

2 pick(s). Salvo em picks_0x0_2026-09-12.csv

LANCE NA MAO: mercado Correct Score -> selecao '0 - 0' -> aba Lay (rosa) -> odd 10-20.
STAKE-ZERO ate o forward bater N>=300. Sugestao de stake e informativa.
Carregando base + jogos do dia (2026-09-13)...
  Base rate Lay 0x0 (>=1 gol): 91.7%
treino N=125850 | jogos hoje featurizados=74

======================================================================
PICKS LAY 0x0 XGBoost (regra congelada) — 2026-09-13 — OBSERVACAO/STAKE-ZERO
======================================================================
Nenhum jogo bate a regra congelada hoje.
  funil: 74 jogos do dia | sem odd de lay: 70 | sem liga/mkt: 0
  reprovados por  liga>=0.08: 2 | mkt>=0.10: 0 | odd fora de 10-20: 2 | ev<=0.02: 0

LANCE NA MAO: mercado Correct Score -> selecao '0 - 0' -> aba Lay (rosa) -> odd 10-20.
STAKE-ZERO ate o forward bater N>=300. Sugestao de stake e informativa.
Carregando base + jogos do dia (2026-09-13)...
  Base rate Lay 0x0 (>=1 gol): 91.7%
treino N=125850 | jogos hoje featurizados=74

======================================================================
PICKS LAY 0x0 XGBoost (regra congelada) — 2026-09-13 — OBSERVACAO/STAKE-ZERO
======================================================================
Nenhum jogo bate a regra congelada hoje.
  funil: 74 jogos do dia | sem odd de lay: 70 | sem liga/mkt: 0
  reprovados por  liga>=0.08: 2 | mkt>=0.10: 0 | odd fora de 10-20: 2 | ev<=0.02: 0

LANCE NA MAO: mercado Correct Score -> selecao '0 - 0' -> aba Lay (rosa) -> odd 10-20.
STAKE-ZERO ate o forward bater N>=300. Sugestao de stake e informativa.
Carregando base + jogos do dia (2026-09-14)...
  Base rate Lay 0x0 (>=1 gol): 91.7%
treino N=125850 | jogos hoje featurizados=50

======================================================================
PICKS LAY 0x0 XGBoost (regra congelada) — 2026-09-14 — OBSERVACAO/STAKE-ZERO
======================================================================
Nenhum jogo bate a regra congelada hoje.
  funil: 50 jogos do dia | sem odd de lay: 34 | sem liga/mkt: 0
  reprovados por  liga>=0.08: 11 | mkt>=0.10: 0 | odd fora de 10-20: 4 | ev<=0.02: 1

LANCE NA MAO: mercado Correct Score -> selecao '0 - 0' -> aba Lay (rosa) -> odd 10-20.
STAKE-ZERO ate o forward bater N>=300. Sugestao de stake e informativa.
Carregando base + jogos do dia (2026-09-14)...
  Base rate Lay 0x0 (>=1 gol): 91.7%
treino N=125850 | jogos hoje featurizados=50

======================================================================
PICKS LAY 0x0 XGBoost (regra congelada) — 2026-09-14 — OBSERVACAO/STAKE-ZERO
======================================================================
Nenhum jogo bate a regra congelada hoje.
  funil: 50 jogos do dia | sem odd de lay: 34 | sem liga/mkt: 0
  reprovados por  liga>=0.08: 11 | mkt>=0.10: 0 | odd fora de 10-20: 4 | ev<=0.02: 1

LANCE NA MAO: mercado Correct Score -> selecao '0 - 0' -> aba Lay (rosa) -> odd 10-20.
STAKE-ZERO ate o forward bater N>=300. Sugestao de stake e informativa.
