2026-10-02 09:17:43 [INFO]: --- INICIANDO CHECAGEM AGENDADA: MILHAS SMILES & PARCEIRAS ---
2026-10-02 09:17:43 [INFO]: Iniciando Radar de Milhas Smiles...
2026-10-02 09:17:43 [INFO]: Origens: ['GRU', 'CNF', 'GIG'] | Destinos: ['MAD', 'LIS', 'LHR', 'IST', 'NRT', 'MIA', 'SSA']
2026-10-02 09:17:43 [INFO]: Finalizado. Avaliados: 84, Alertas gerados: 0
2026-10-02 09:17:43 [INFO]: Checagem de milhas Smiles concluída com sucesso.
2026-10-02 09:18:04 [INFO]: --- INICIANDO CHECAGEM AGENDADA: MILHAS SMILES & PARCEIRAS ---
2026-10-02 09:18:04 [INFO]: Iniciando Radar de Milhas Smiles...
2026-10-02 09:18:04 [INFO]: Origens: ['GRU', 'CNF', 'GIG'] | Destinos: ['MAD', 'LIS', 'LHR', 'IST', 'NRT', 'MIA', 'SSA']
2026-10-02 09:18:04 [INFO]: Finalizado. Avaliados: 84, Alertas gerados: 0
2026-10-02 09:18:04 [INFO]: Checagem de milhas Smiles concluída com sucesso.
2026-10-02 09:45:00 [INFO]: --- INICIANDO CHECAGEM AGENDADA: MILHAS SMILES & PARCEIRAS ---
2026-10-02 09:45:00 [INFO]: Iniciando Radar de Milhas Smiles...
2026-10-02 09:45:00 [INFO]: Origens: ['GRU', 'CNF', 'GIG'] | Destinos: ['MAD', 'LIS', 'LHR', 'IST', 'NRT', 'MIA', 'SSA']
2026-10-02 09:45:00 [INFO]: Finalizado. Avaliados: 84, Alertas gerados: 0
2026-10-02 09:45:00 [INFO]: Checagem de milhas Smiles concluída com sucesso.
2026-10-02 14:45:01 [INFO]: --- INICIANDO CHECAGEM AGENDADA: MILHAS SMILES & PARCEIRAS ---
2026-10-02 14:45:01 [INFO]: Iniciando Radar de Milhas Smiles...
2026-10-02 14:45:01 [INFO]: Origens: ['GRU', 'CNF', 'GIG'] | Destinos: ['MAD', 'LIS', 'LHR', 'IST', 'NRT', 'MIA', 'SSA']
2026-10-02 14:45:01 [INFO]: [ALERTA ENVIADO] GRU ➔ MAD | 188,928 milhas
2026-10-02 14:45:02 [INFO]: [ALERTA ENVIADO] GRU ➔ MAD | 188,928 milhas
2026-10-02 14:45:03 [INFO]: [ALERTA ENVIADO] GRU ➔ MAD | 188,928 milhas
2026-10-02 14:45:05 [INFO]: [ALERTA ENVIADO] GRU ➔ MAD | 188,928 milhas
2026-10-02 14:45:06 [INFO]: [ALERTA ENVIADO] GRU ➔ LIS | 200,640 milhas
2026-10-02 14:45:07 [INFO]: [ALERTA ENVIADO] GRU ➔ LIS | 200,640 milhas
2026-10-02 14:45:09 [INFO]: [ALERTA ENVIADO] GRU ➔ LIS | 200,640 milhas
2026-10-02 14:45:10 [INFO]: [ALERTA ENVIADO] GRU ➔ LIS | 200,640 milhas
2026-10-02 14:45:11 [INFO]: [ALERTA ENVIADO] CNF ➔ LIS | 209,088 milhas
2026-10-02 14:45:12 [INFO]: [ALERTA ENVIADO] CNF ➔ LIS | 209,088 milhas
2026-10-02 14:45:14 [INFO]: [ALERTA ENVIADO] CNF ➔ LIS | 209,088 milhas
2026-10-02 14:45:15 [INFO]: [ALERTA ENVIADO] CNF ➔ LIS | 209,088 milhas
2026-10-02 14:45:16 [INFO]: [ALERTA ENVIADO] GRU ➔ LHR | 215,040 milhas
2026-10-02 14:45:18 [INFO]: [ALERTA ENVIADO] GRU ➔ LHR | 215,040 milhas
2026-10-02 14:45:19 [INFO]: [ALERTA ENVIADO] GRU ➔ LHR | 215,040 milhas
2026-10-02 14:45:20 [INFO]: [ALERTA ENVIADO] GRU ➔ LHR | 215,040 milhas
2026-10-02 14:45:22 [INFO]: [ALERTA ENVIADO] CNF ➔ LHR | 211,200 milhas
2026-10-02 14:45:23 [INFO]: [ALERTA ENVIADO] CNF ➔ LHR | 211,200 milhas
2026-10-02 14:45:24 [INFO]: [ALERTA ENVIADO] CNF ➔ LHR | 211,200 milhas
2026-10-02 14:45:26 [INFO]: [ALERTA ENVIADO] CNF ➔ LHR | 211,200 milhas
2026-10-02 14:45:27 [INFO]: [ALERTA ENVIADO] GIG ➔ LHR | 211,200 milhas
2026-10-02 14:45:28 [WARNING]: Erro Telegram para chat -5476328797: Too Many Requests: retry after 34. Tentando sem formatação...
2026-10-02 14:45:29 [INFO]: [ALERTA ENVIADO] GIG ➔ LHR | 211,200 milhas
2026-10-02 14:45:31 [WARNING]: Erro Telegram para chat -5476328797: Too Many Requests: retry after 31. Tentando sem formatação...
2026-10-02 14:45:32 [INFO]: [ALERTA ENVIADO] GIG ➔ LHR | 211,200 milhas
2026-10-02 14:45:33 [WARNING]: Erro Telegram para chat -5476328797: Too Many Requests: retry after 29. Tentando sem formatação...
2026-10-02 14:45:34 [INFO]: [ALERTA ENVIADO] GIG ➔ LHR | 211,200 milhas
2026-10-02 14:45:36 [WARNING]: Erro Telegram para chat -5476328797: Too Many Requests: retry after 27. Tentando sem formatação...
2026-10-02 14:45:37 [INFO]: [ALERTA ENVIADO] GRU ➔ IST | 233,280 milhas
2026-10-02 14:45:38 [WARNING]: Erro Telegram para chat -5476328797: Too Many Requests: retry after 24. Tentando sem formatação...
2026-10-02 14:45:39 [INFO]: [ALERTA ENVIADO] GRU ➔ IST | 233,280 milhas
2026-10-02 14:45:41 [WARNING]: Erro Telegram para chat -5476328797: Too Many Requests: retry after 22. Tentando sem formatação...
2026-10-02 14:45:42 [INFO]: [ALERTA ENVIADO] GRU ➔ IST | 233,280 milhas
2026-10-02 14:45:43 [WARNING]: Erro Telegram para chat -5476328797: Too Many Requests: retry after 19. Tentando sem formatação...
2026-10-02 14:45:44 [INFO]: [ALERTA ENVIADO] GRU ➔ IST | 233,280 milhas
2026-10-02 14:45:46 [WARNING]: Erro Telegram para chat -5476328797: Too Many Requests: retry after 17. Tentando sem formatação...
2026-10-02 14:45:47 [INFO]: [ALERTA ENVIADO] CNF ➔ IST | 211,200 milhas
2026-10-02 14:45:48 [WARNING]: Erro Telegram para chat -5476328797: Too Many Requests: retry after 14. Tentando sem formatação...
2026-10-02 14:45:49 [INFO]: [ALERTA ENVIADO] CNF ➔ IST | 211,200 milhas
2026-10-02 14:45:50 [WARNING]: Erro Telegram para chat -5476328797: Too Many Requests: retry after 12. Tentando sem formatação...
2026-10-02 14:45:52 [INFO]: [ALERTA ENVIADO] CNF ➔ IST | 211,200 milhas
2026-10-02 14:45:53 [WARNING]: Erro Telegram para chat -5476328797: Too Many Requests: retry after 9. Tentando sem formatação...
2026-10-02 14:46:02 [INFO]: [ALERTA ENVIADO] CNF ➔ IST | 211,200 milhas
2026-10-02 14:46:04 [INFO]: [ALERTA ENVIADO] GIG ➔ IST | 211,200 milhas
2026-10-02 14:46:05 [INFO]: [ALERTA ENVIADO] GIG ➔ IST | 211,200 milhas
2026-10-02 14:46:06 [INFO]: [ALERTA ENVIADO] GIG ➔ IST | 211,200 milhas
2026-10-02 14:46:08 [INFO]: [ALERTA ENVIADO] GIG ➔ IST | 211,200 milhas
2026-10-02 14:46:09 [INFO]: [ALERTA ENVIADO] GRU ➔ NRT | 297,216 milhas
2026-10-02 14:46:10 [INFO]: [ALERTA ENVIADO] GRU ➔ NRT | 297,216 milhas
2026-10-02 14:46:12 [INFO]: [ALERTA ENVIADO] GRU ➔ NRT | 297,216 milhas
2026-10-02 14:46:13 [INFO]: [ALERTA ENVIADO] GRU ➔ NRT | 297,216 milhas
2026-10-02 14:46:14 [INFO]: [ALERTA ENVIADO] CNF ➔ NRT | 211,200 milhas
2026-10-02 14:46:16 [INFO]: [ALERTA ENVIADO] CNF ➔ NRT | 211,200 milhas
2026-10-02 14:46:17 [INFO]: [ALERTA ENVIADO] CNF ➔ NRT | 211,200 milhas
2026-10-02 14:46:18 [INFO]: [ALERTA ENVIADO] CNF ➔ NRT | 211,200 milhas
2026-10-02 14:46:19 [INFO]: [ALERTA ENVIADO] GIG ➔ NRT | 211,200 milhas
2026-10-02 14:46:21 [INFO]: [ALERTA ENVIADO] GIG ➔ NRT | 211,200 milhas
2026-10-02 14:46:22 [INFO]: [ALERTA ENVIADO] GIG ➔ NRT | 211,200 milhas
2026-10-02 14:46:23 [INFO]: [ALERTA ENVIADO] GIG ➔ NRT | 211,200 milhas
2026-10-02 14:46:25 [INFO]: [ALERTA ENVIADO] GRU ➔ MIA | 155,520 milhas
2026-10-02 14:46:26 [INFO]: [ALERTA ENVIADO] GRU ➔ MIA | 155,520 milhas
2026-10-02 14:46:27 [INFO]: [ALERTA ENVIADO] GRU ➔ MIA | 155,520 milhas
2026-10-02 14:46:28 [WARNING]: Erro Telegram para chat -5476328797: Too Many Requests: retry after 34. Tentando sem formatação...
2026-10-02 14:46:30 [INFO]: [ALERTA ENVIADO] GRU ➔ MIA | 155,520 milhas
2026-10-02 14:46:31 [WARNING]: Erro Telegram para chat -5476328797: Too Many Requests: retry after 31. Tentando sem formatação...
2026-10-02 14:46:32 [INFO]: [ALERTA ENVIADO] CNF ➔ SSA | 27,264 milhas
2026-10-02 14:46:33 [WARNING]: Erro Telegram para chat -5476328797: Too Many Requests: retry after 29. Tentando sem formatação...
2026-10-02 14:46:35 [INFO]: [ALERTA ENVIADO] CNF ➔ SSA | 27,264 milhas
2026-10-02 14:46:36 [WARNING]: Erro Telegram para chat -5476328797: Too Many Requests: retry after 26. Tentando sem formatação...
2026-10-02 14:46:37 [INFO]: [ALERTA ENVIADO] CNF ➔ SSA | 27,264 milhas
2026-10-02 14:46:39 [WARNING]: Erro Telegram para chat -5476328797: Too Many Requests: retry after 24. Tentando sem formatação...
2026-10-02 14:46:40 [INFO]: [ALERTA ENVIADO] CNF ➔ SSA | 27,264 milhas
2026-10-02 14:46:41 [WARNING]: Erro Telegram para chat -5476328797: Too Many Requests: retry after 21. Tentando sem formatação...
2026-10-02 14:46:42 [INFO]: Finalizado. Avaliados: 84, Alertas gerados: 56
2026-10-02 14:46:42 [INFO]: Checagem de milhas Smiles concluída com sucesso.
2026-10-02 15:05:37 [INFO]: --- INICIANDO CHECAGEM AGENDADA: MILHAS SMILES & PARCEIRAS ---
2026-10-02 15:05:37 [INFO]: Iniciando Radar de Milhas Smiles...
2026-10-02 15:05:37 [INFO]: Origens: ['CNF', 'GRU', 'GIG'] | Destinos: ['MAD', 'LIS', 'LHR', 'IST', 'NRT', 'BPS', 'SSA', 'MCZ', 'FOR', 'REC', 'IOS', 'JPA', 'NAT', 'AJU', 'SLZ', 'VDC', 'PNZ', 'THE']
2026-10-02 15:05:37 [INFO]: [ALERTA ENVIADO] GRU ➔ MAD | 188,928 milhas
2026-10-02 15:05:38 [INFO]: [ALERTA ENVIADO] CNF ➔ MAD | 192,000 milhas
2026-10-02 15:05:40 [INFO]: [ALERTA ENVIADO] CNF ➔ MAD | 192,000 milhas
2026-10-02 15:05:41 [INFO]: [ALERTA ENVIADO] CNF ➔ MAD | 192,000 milhas
2026-10-02 15:05:42 [INFO]: [ALERTA ENVIADO] CNF ➔ MAD | 192,000 milhas
2026-10-02 15:05:44 [INFO]: [ALERTA ENVIADO] GIG ➔ MAD | 192,000 milhas
2026-10-02 15:05:45 [INFO]: [ALERTA ENVIADO] GIG ➔ MAD | 192,000 milhas
2026-10-02 15:05:46 [INFO]: [ALERTA ENVIADO] GIG ➔ MAD | 192,000 milhas
2026-10-02 15:05:48 [INFO]: [ALERTA ENVIADO] GIG ➔ MAD | 192,000 milhas
2026-10-02 15:05:49 [INFO]: [ALERTA ENVIADO] CNF ➔ LIS | 209,088 milhas
2026-10-02 15:05:50 [INFO]: [ALERTA ENVIADO] GRU ➔ LIS | 200,640 milhas
2026-10-02 15:05:52 [INFO]: [ALERTA ENVIADO] GRU ➔ LHR | 215,040 milhas
2026-10-02 15:05:53 [INFO]: [ALERTA ENVIADO] GRU ➔ IST | 233,280 milhas
2026-10-02 15:05:54 [INFO]: [ALERTA ENVIADO] CNF ➔ IST | 240,000 milhas
2026-10-02 15:05:56 [INFO]: [ALERTA ENVIADO] GRU ➔ NRT | 297,216 milhas
2026-10-02 15:05:57 [INFO]: [ALERTA ENVIADO] CNF ➔ NRT | 307,200 milhas
2026-10-02 15:05:58 [INFO]: [ALERTA ENVIADO] CNF ➔ BPS | 26,496 milhas
2026-10-02 15:06:00 [INFO]: [ALERTA ENVIADO] GRU ➔ BPS | 27,840 milhas
2026-10-02 15:06:01 [INFO]: [ALERTA ENVIADO] CNF ➔ SSA | 27,264 milhas
2026-10-02 15:06:03 [WARNING]: Erro Telegram para chat -5476328797: Too Many Requests: retry after 22. Tentando sem formatação...
2026-10-02 15:06:04 [INFO]: [ALERTA ENVIADO] GRU ➔ SSA | 28,416 milhas
2026-10-02 15:06:05 [WARNING]: Erro Telegram para chat -5476328797: Too Many Requests: retry after 19. Tentando sem formatação...
2026-10-02 15:06:07 [INFO]: [ALERTA ENVIADO] CNF ➔ MCZ | 31,680 milhas
2026-10-02 15:06:08 [WARNING]: Erro Telegram para chat -5476328797: Too Many Requests: retry after 16. Tentando sem formatação...
2026-10-02 15:06:09 [INFO]: [ALERTA ENVIADO] GRU ➔ MCZ | 34,560 milhas
2026-10-02 15:06:10 [WARNING]: Erro Telegram para chat -5476328797: Too Many Requests: retry after 14. Tentando sem formatação...
2026-10-02 15:06:12 [INFO]: [ALERTA ENVIADO] CNF ➔ FOR | 33,024 milhas
2026-10-02 15:06:13 [WARNING]: Erro Telegram para chat -5476328797: Too Many Requests: retry after 11. Tentando sem formatação...
2026-10-02 15:06:14 [INFO]: [ALERTA ENVIADO] GRU ➔ FOR | 33,600 milhas
2026-10-02 15:06:16 [WARNING]: Erro Telegram para chat -5476328797: Too Many Requests: retry after 9. Tentando sem formatação...
2026-10-02 15:06:24 [INFO]: [ALERTA ENVIADO] CNF ➔ REC | 32,256 milhas
2026-10-02 15:06:25 [INFO]: [ALERTA ENVIADO] GRU ➔ REC | 32,640 milhas
2026-10-02 15:06:27 [INFO]: [ALERTA ENVIADO] CNF ➔ IOS | 29,184 milhas
2026-10-02 15:06:28 [INFO]: [ALERTA ENVIADO] CNF ➔ JPA | 34,944 milhas
2026-10-02 15:06:30 [INFO]: [ALERTA ENVIADO] CNF ➔ NAT | 35,520 milhas
2026-10-02 15:06:31 [INFO]: [ALERTA ENVIADO] CNF ➔ AJU | 32,640 milhas
2026-10-02 15:06:33 [INFO]: [ALERTA ENVIADO] GRU ➔ AJU | 34,560 milhas
2026-10-02 15:06:34 [INFO]: [ALERTA ENVIADO] CNF ➔ SLZ | 36,480 milhas
2026-10-02 15:06:36 [INFO]: [ALERTA ENVIADO] CNF ➔ VDC | 27,840 milhas
2026-10-02 15:06:37 [INFO]: [ALERTA ENVIADO] CNF ➔ PNZ | 33,600 milhas
2026-10-02 15:06:39 [INFO]: [ALERTA ENVIADO] CNF ➔ THE | 37,440 milhas
2026-10-02 15:06:40 [INFO]: Finalizado. Avaliados: 78, Alertas gerados: 35
2026-10-02 15:06:40 [INFO]: Checagem de milhas Smiles concluída com sucesso.
2026-10-02 15:06:55 [INFO]: --- INICIANDO CHECAGEM AGENDADA: MILHAS SMILES & PARCEIRAS ---
2026-10-02 15:06:55 [INFO]: Iniciando Radar de Milhas Smiles...
2026-10-02 15:06:55 [INFO]: Origens: ['CNF', 'GRU', 'GIG'] | Destinos: ['MAD', 'LIS', 'LHR', 'IST', 'NRT', 'BPS', 'SSA', 'MCZ', 'FOR', 'REC', 'IOS', 'JPA', 'NAT', 'AJU', 'SLZ', 'VDC', 'PNZ', 'THE']
2026-10-02 15:06:55 [INFO]: Finalizado. Avaliados: 78, Alertas gerados: 0
2026-10-02 15:06:55 [INFO]: Checagem de milhas Smiles concluída com sucesso.
2026-10-02 15:28:54 [INFO]: --- INICIANDO CHECAGEM AGENDADA: MILHAS SMILES & PARCEIRAS ---
2026-10-02 15:28:54 [INFO]: Iniciando Radar de Milhas Smiles...
2026-10-02 15:28:54 [INFO]: Origens: ['CNF', 'GRU', 'GIG'] | Destinos: ['MAD', 'LIS', 'LHR', 'IST', 'NRT', 'BPS', 'SSA', 'MCZ', 'FOR', 'REC', 'IOS', 'JPA', 'NAT', 'AJU', 'SLZ', 'VDC', 'PNZ', 'THE']
2026-10-02 15:28:54 [INFO]: [ALERTA ENVIADO] GRU ➔ NRT | 297,216 milhas | Economia: R$ 1,791.15
2026-10-02 15:28:57 [INFO]: [ALERTA ENVIADO] CNF ➔ MAD | 192,000 milhas | Economia: R$ 1,626.00
2026-10-02 15:29:00 [INFO]: [ALERTA ENVIADO] CNF ➔ LIS | 209,088 milhas | Economia: R$ 1,572.14
2026-10-02 15:29:03 [INFO]: [ALERTA ENVIADO] GRU ➔ IST | 233,280 milhas | Economia: R$ 1,351.16
2026-10-02 15:29:06 [INFO]: [ALERTA ENVIADO] GRU ➔ MAD | 188,928 milhas | Economia: R$ 1,291.62
2026-10-02 15:29:09 [INFO]: [ALERTA ENVIADO] GRU ➔ LIS | 200,640 milhas | Economia: R$ 1,215.08
2026-10-02 15:29:12 [INFO]: Finalizado. Avaliados: 57, Alertas gerados: 6
2026-10-02 15:29:12 [INFO]: Checagem de milhas Smiles concluída com sucesso.
2026-10-02 16:39:37 [INFO]: --- INICIANDO CHECAGEM AGENDADA: MILHAS SMILES & PARCEIRAS ---
2026-10-02 16:39:37 [INFO]: Iniciando Radar de Milhas Smiles...
2026-10-02 16:39:37 [INFO]: Origens: ['CNF', 'GRU', 'GIG'] | Destinos: ['MAD', 'LIS', 'LHR', 'IST', 'NRT', 'BPS', 'SSA', 'MCZ', 'FOR', 'REC', 'IOS', 'JPA', 'NAT', 'AJU', 'SLZ', 'VDC', 'PNZ', 'THE']
2026-10-02 16:39:37 [INFO]: Finalizado. Avaliados: 57, Alertas gerados: 0
2026-10-02 16:39:37 [INFO]: Checagem de milhas Smiles concluída com sucesso.
2026-10-02 20:45:01 [INFO]: --- INICIANDO CHECAGEM AGENDADA: MILHAS SMILES & PARCEIRAS ---
2026-10-02 20:45:01 [INFO]: Iniciando Radar de Milhas Smiles...
2026-10-02 20:45:01 [INFO]: Origens: ['CNF', 'GRU', 'GIG'] | Destinos: ['MAD', 'LIS', 'LHR', 'IST', 'NRT', 'BPS', 'SSA', 'MCZ', 'FOR', 'REC', 'IOS', 'JPA', 'NAT', 'AJU', 'SLZ', 'VDC', 'PNZ', 'THE']
2026-10-02 20:45:01 [INFO]: Finalizado. Avaliados: 57, Alertas gerados: 0
2026-10-02 20:45:01 [INFO]: Checagem de milhas Smiles concluída com sucesso.
2026-10-03 11:18:00 [INFO]: --- INICIANDO CHECAGEM AGENDADA: MILHAS SMILES & PARCEIRAS ---
2026-10-03 11:18:00 [INFO]: Iniciando Radar de Milhas Smiles...
2026-10-03 11:18:00 [INFO]: Origens: ['CNF', 'GRU', 'GIG'] | Destinos: ['MAD', 'LIS', 'LHR', 'IST', 'NRT', 'BPS', 'SSA', 'MCZ', 'FOR', 'REC', 'IOS', 'JPA', 'NAT', 'AJU', 'SLZ', 'VDC', 'PNZ', 'THE']
2026-10-03 11:18:00 [INFO]: Finalizado. Avaliados: 57, Alertas gerados: 0
2026-10-03 11:18:00 [INFO]: Checagem de milhas Smiles concluída com sucesso.
2026-10-03 14:45:02 [INFO]: --- INICIANDO CHECAGEM AGENDADA: MILHAS SMILES & PARCEIRAS ---
2026-10-03 14:45:02 [INFO]: Iniciando Radar de Milhas Smiles...
2026-10-03 14:45:02 [INFO]: Origens: ['CNF', 'GRU', 'GIG'] | Destinos: ['MAD', 'LIS', 'LHR', 'IST', 'NRT', 'BPS', 'SSA', 'MCZ', 'FOR', 'REC', 'IOS', 'JPA', 'NAT', 'AJU', 'SLZ', 'VDC', 'PNZ', 'THE']
2026-10-03 14:45:02 [INFO]: Finalizado. Avaliados: 57, Alertas gerados: 0
2026-10-03 14:45:02 [INFO]: Checagem de milhas Smiles concluída com sucesso.
