dia 2026-09-03 | jogos no feed=32 | sinais=4 {'Lay_Away': 2, 'Lay_Draw': 1, 'Lay_Home': 1} | novos gravados=4
liquidados agora: 0

=== ACUMULADO (liquidado) ===
Lay_Draw:
  base                   N=113  WR=90.3% ROI/liab=  +5.2% lay_med=6.60
  FILTRADO (refinado)    N=46   WR=87.0% ROI/liab=  +4.0% lay_med=6.20
Lay_Home:
  base                   N=63   WR=93.7% ROI/liab=  +7.7% lay_med=7.20
  FILTRADO (refinado)    N=32   WR=90.6% ROI/liab=  +6.4% lay_med=6.50
Lay_Over45:
  base                   N=11   WR=100.0% ROI/liab=  +5.6% lay_med=18.50

pendentes (aguardando placar da base): 9
dia 2026-09-04 | jogos no feed=92 | sinais=17 {'Lay_Draw': 9, 'Lay_Away': 5, 'Lay_Home': 2, 'Lay_Over45': 1} | novos gravados=17
liquidados agora: 0

=== ACUMULADO (liquidado) ===
Lay_Draw:
  base                   N=113  WR=90.3% ROI/liab=  +5.2% lay_med=6.60
  FILTRADO (refinado)    N=46   WR=87.0% ROI/liab=  +4.0% lay_med=6.20
Lay_Home:
  base                   N=63   WR=93.7% ROI/liab=  +7.7% lay_med=7.20
  FILTRADO (refinado)    N=32   WR=90.6% ROI/liab=  +6.4% lay_med=6.50
Lay_Over45:
  base                   N=11   WR=100.0% ROI/liab=  +5.6% lay_med=18.50

pendentes (aguardando placar da base): 26
dia 2026-09-05 | jogos no feed=297 | sinais=37 {'Lay_Away': 16, 'Lay_Draw': 16, 'Lay_Home': 4, 'Lay_Over45': 1} | novos gravados=37
liquidados agora: 0

=== ACUMULADO (liquidado) ===
Lay_Draw:
  base                   N=113  WR=90.3% ROI/liab=  +5.2% lay_med=6.60
  FILTRADO (refinado)    N=46   WR=87.0% ROI/liab=  +4.0% lay_med=6.20
Lay_Home:
  base                   N=63   WR=93.7% ROI/liab=  +7.7% lay_med=7.20
  FILTRADO (refinado)    N=32   WR=90.6% ROI/liab=  +6.4% lay_med=6.50
Lay_Over45:
  base                   N=11   WR=100.0% ROI/liab=  +5.6% lay_med=18.50

pendentes (aguardando placar da base): 63
dia 2026-09-06 | jogos no feed=201 | sinais=30 {'Lay_Home': 7, 'Lay_Away': 9, 'Lay_Draw': 12, 'Lay_Over45': 2} | novos gravados=30
liquidados agora: 0

=== ACUMULADO (liquidado) ===
Lay_Draw:
  base                   N=113  WR=90.3% ROI/liab=  +5.2% lay_med=6.60
  FILTRADO (refinado)    N=46   WR=87.0% ROI/liab=  +4.0% lay_med=6.20
Lay_Home:
  base                   N=63   WR=93.7% ROI/liab=  +7.7% lay_med=7.20
  FILTRADO (refinado)    N=32   WR=90.6% ROI/liab=  +6.4% lay_med=6.50
Lay_Over45:
  base                   N=11   WR=100.0% ROI/liab=  +5.6% lay_med=18.50

pendentes (aguardando placar da base): 93
dia 2026-09-07 | jogos no feed=62 | sinais=8 {'Lay_Over45': 1, 'Lay_Away': 2, 'Lay_Draw': 3, 'Lay_Home': 1, 'CONTROLE_Pressao_Draw': 1} | novos gravados=4
liquidados agora: 0

=== ACUMULADO (liquidado) ===
Lay_Draw:
  base                   N=113  WR=90.3% ROI/liab=  +5.2% lay_med=6.60
  FILTRADO (refinado)    N=46   WR=87.0% ROI/liab=  +4.0% lay_med=6.20
Lay_Home:
  base                   N=63   WR=93.7% ROI/liab=  +7.7% lay_med=7.20
  FILTRADO (refinado)    N=32   WR=90.6% ROI/liab=  +6.4% lay_med=6.50
Lay_Over45:
  base                   N=11   WR=100.0% ROI/liab=  +5.6% lay_med=18.50

pendentes (aguardando placar da base): 103
dia 2026-09-08 | jogos no feed=43 | sinais=12 {'Lay_Home': 2, 'Lay_Away': 4, 'Lay_Draw': 3, 'CONTROLE_Pressao_Draw': 2, 'Lay_Over45': 1} | novos gravados=12
liquidados agora: 16

=== ACUMULADO (liquidado) ===
Lay_Draw:
  base                   N=119  WR=90.8% ROI/liab=  +5.8% lay_med=6.60
  FILTRADO (refinado)    N=46   WR=87.0% ROI/liab=  +4.0% lay_med=6.20
Lay_Home:
  base                   N=65   WR=92.3% ROI/liab=  +6.2% lay_med=7.20
  FILTRADO (refinado)    N=33   WR=90.9% ROI/liab=  +6.7% lay_med=6.40
Lay_Away [OBSERVACAO]:
  base                   N=7    WR=85.7% ROI/liab=  -2.9% lay_med=11.00
Lay_Over45:
  base                   N=12   WR=100.0% ROI/liab=  +5.6% lay_med=18.50

pendentes (aguardando placar da base): 99
dia 2026-09-10 | jogos no feed=24 | sinais=7 {'Lay_Draw': 3, 'CONTROLE_Pressao_Draw': 3, 'Lay_Over45': 1} | novos gravados=7
liquidados agora: 0

=== ACUMULADO (liquidado) ===
Lay_Draw:
  base                   N=119  WR=90.8% ROI/liab=  +5.8% lay_med=6.60
  FILTRADO (refinado)    N=46   WR=87.0% ROI/liab=  +4.0% lay_med=6.20
Lay_Home:
  base                   N=65   WR=92.3% ROI/liab=  +6.2% lay_med=7.20
  FILTRADO (refinado)    N=33   WR=90.9% ROI/liab=  +6.7% lay_med=6.40
Lay_Away [OBSERVACAO]:
  base                   N=7    WR=85.7% ROI/liab=  -2.9% lay_med=11.00
Lay_Over45:
  base                   N=12   WR=100.0% ROI/liab=  +5.6% lay_med=18.50

pendentes (aguardando placar da base): 106
dia 2026-09-11 | jogos no feed=94 | sinais=24 {'Lay_Home': 5, 'Lay_Away': 7, 'Lay_Draw': 6, 'CONTROLE_Pressao_Draw': 6} | novos gravados=24
liquidados agora: 0

=== ACUMULADO (liquidado) ===
Lay_Draw:
  base                   N=119  WR=90.8% ROI/liab=  +5.8% lay_med=6.60
  FILTRADO (refinado)    N=46   WR=87.0% ROI/liab=  +4.0% lay_med=6.20
Lay_Home:
  base                   N=65   WR=92.3% ROI/liab=  +6.2% lay_med=7.20
  FILTRADO (refinado)    N=33   WR=90.9% ROI/liab=  +6.7% lay_med=6.40
Lay_Away [OBSERVACAO]:
  base                   N=7    WR=85.7% ROI/liab=  -2.9% lay_med=11.00
Lay_Over45:
  base                   N=12   WR=100.0% ROI/liab=  +5.6% lay_med=18.50

pendentes (aguardando placar da base): 130
dia 2026-09-12 | jogos no feed=289 | sinais=44 {'Lay_Draw': 12, 'CONTROLE_Pressao_Draw': 11, 'Lay_Home': 12, 'Lay_Away': 8, 'CONTROLE_Pressao_Home': 1} | novos gravados=44
liquidados agora: 0

=== ACUMULADO (liquidado) ===
Lay_Draw:
  base                   N=119  WR=90.8% ROI/liab=  +5.8% lay_med=6.60
  FILTRADO (refinado)    N=46   WR=87.0% ROI/liab=  +4.0% lay_med=6.20
Lay_Home:
  base                   N=65   WR=92.3% ROI/liab=  +6.2% lay_med=7.20
  FILTRADO (refinado)    N=33   WR=90.9% ROI/liab=  +6.7% lay_med=6.40
Lay_Away [OBSERVACAO]:
  base                   N=7    WR=85.7% ROI/liab=  -2.9% lay_med=11.00
Lay_Over45:
  base                   N=12   WR=100.0% ROI/liab=  +5.6% lay_med=18.50

pendentes (aguardando placar da base): 174
dia 2026-09-13 | jogos no feed=198 | sinais=55 {'Lay_Away': 12, 'Lay_Draw': 16, 'CONTROLE_Pressao_Draw': 15, 'Lay_Home': 9, 'Lay_Over45': 3} | novos gravados=55
liquidados agora: 0

=== ACUMULADO (liquidado) ===
Lay_Draw:
  base                   N=119  WR=90.8% ROI/liab=  +5.8% lay_med=6.60
  FILTRADO (refinado)    N=46   WR=87.0% ROI/liab=  +4.0% lay_med=6.20
Lay_Home:
  base                   N=65   WR=92.3% ROI/liab=  +6.2% lay_med=7.20
  FILTRADO (refinado)    N=33   WR=90.9% ROI/liab=  +6.7% lay_med=6.40
Lay_Away [OBSERVACAO]:
  base                   N=7    WR=85.7% ROI/liab=  -2.9% lay_med=11.00
Lay_Over45:
  base                   N=12   WR=100.0% ROI/liab=  +5.6% lay_med=18.50

pendentes (aguardando placar da base): 229
dia 2026-09-14 | jogos no feed=65 | sinais=18 {'Lay_Away': 4, 'Lay_Draw': 6, 'CONTROLE_Pressao_Draw': 6, 'Lay_Home': 2} | novos gravados=18
liquidados agora: 0

=== ACUMULADO (liquidado) ===
Lay_Draw:
  base                   N=119  WR=90.8% ROI/liab=  +5.8% lay_med=6.60
  FILTRADO (refinado)    N=46   WR=87.0% ROI/liab=  +4.0% lay_med=6.20
Lay_Home:
  base                   N=65   WR=92.3% ROI/liab=  +6.2% lay_med=7.20
  FILTRADO (refinado)    N=33   WR=90.9% ROI/liab=  +6.7% lay_med=6.40
Lay_Away [OBSERVACAO]:
  base                   N=7    WR=85.7% ROI/liab=  -2.9% lay_med=11.00
Lay_Over45:
  base                   N=12   WR=100.0% ROI/liab=  +5.6% lay_med=18.50

pendentes (aguardando placar da base): 247
dia 2026-09-15 | jogos no feed=67 | sinais=21 {'Lay_Draw': 8, 'CONTROLE_Pressao_Draw': 6, 'Lay_Away': 5, 'Lay_Over45': 1, 'Lay_Home': 1} | novos gravados=21
liquidados agora: 0

=== ACUMULADO (liquidado) ===
Lay_Draw:
  base                   N=119  WR=90.8% ROI/liab=  +5.8% lay_med=6.60
  FILTRADO (refinado)    N=46   WR=87.0% ROI/liab=  +4.0% lay_med=6.20
Lay_Home:
  base                   N=65   WR=92.3% ROI/liab=  +6.2% lay_med=7.20
  FILTRADO (refinado)    N=33   WR=90.9% ROI/liab=  +6.7% lay_med=6.40
Lay_Away [OBSERVACAO]:
  base                   N=7    WR=85.7% ROI/liab=  -2.9% lay_med=11.00
Lay_Over45:
  base                   N=12   WR=100.0% ROI/liab=  +5.6% lay_med=18.50

pendentes (aguardando placar da base): 268
dia 2026-09-16 | jogos no feed=55 | sinais=11 {'Lay_Draw': 3, 'Lay_Home': 1, 'Lay_Over45': 1, 'Lay_Away': 4, 'CONTROLE_Pressao_Home': 1, 'CONTROLE_Pressao_Draw': 1} | novos gravados=11
liquidados agora: 0

=== ACUMULADO (liquidado) ===
Lay_Draw:
  base                   N=119  WR=90.8% ROI/liab=  +5.8% lay_med=6.60
  FILTRADO (refinado)    N=46   WR=87.0% ROI/liab=  +4.0% lay_med=6.20
Lay_Home:
  base                   N=65   WR=92.3% ROI/liab=  +6.2% lay_med=7.20
  FILTRADO (refinado)    N=33   WR=90.9% ROI/liab=  +6.7% lay_med=6.40
Lay_Away [OBSERVACAO]:
  base                   N=7    WR=85.7% ROI/liab=  -2.9% lay_med=11.00
Lay_Over45:
  base                   N=12   WR=100.0% ROI/liab=  +5.6% lay_med=18.50

pendentes (aguardando placar da base): 279
dia 2026-09-17 | jogos no feed=24 | sinais=12 {'Lay_Draw': 6, 'CONTROLE_Pressao_Draw': 4, 'Lay_Home': 1, 'Lay_Away': 1} | novos gravados=12
liquidados agora: 0

=== ACUMULADO (liquidado) ===
Lay_Draw:
  base                   N=119  WR=90.8% ROI/liab=  +5.8% lay_med=6.60
  FILTRADO (refinado)    N=46   WR=87.0% ROI/liab=  +4.0% lay_med=6.20
Lay_Home:
  base                   N=65   WR=92.3% ROI/liab=  +6.2% lay_med=7.20
  FILTRADO (refinado)    N=33   WR=90.9% ROI/liab=  +6.7% lay_med=6.40
Lay_Away [OBSERVACAO]:
  base                   N=7    WR=85.7% ROI/liab=  -2.9% lay_med=11.00
Lay_Over45:
  base                   N=12   WR=100.0% ROI/liab=  +5.6% lay_med=18.50

pendentes (aguardando placar da base): 291
dia 2026-09-18 | jogos no feed=101 | sinais=19 {'Lay_Away': 7, 'Lay_Draw': 6, 'CONTROLE_Pressao_Draw': 5, 'Lay_Home': 1} | novos gravados=19
liquidados agora: 0

=== ACUMULADO (liquidado) ===
Lay_Draw:
  base                   N=119  WR=90.8% ROI/liab=  +5.8% lay_med=6.60
  FILTRADO (refinado)    N=46   WR=87.0% ROI/liab=  +4.0% lay_med=6.20
Lay_Home:
  base                   N=65   WR=92.3% ROI/liab=  +6.2% lay_med=7.20
  FILTRADO (refinado)    N=33   WR=90.9% ROI/liab=  +6.7% lay_med=6.40
Lay_Away [OBSERVACAO]:
  base                   N=7    WR=85.7% ROI/liab=  -2.9% lay_med=11.00
Lay_Over45:
  base                   N=12   WR=100.0% ROI/liab=  +5.6% lay_med=18.50

pendentes (aguardando placar da base): 310
